changed: false
cvp_configlets:
  Prefix_default_extension: "!\ndaemon TerminAttr\n   exec /usr/bin/TerminAttr -cvaddr=10.255.0.1:9910\
    \ -cvvrf=MGMT -smashexcludes=ale,flexCounter,hardware,kni,pulse,strata -ingestexclude=/Sysdb/cell/1/agent,/Sysdb/cell/2/agent\
    \ -taillogs\n   no shutdown\n!\nvlan internal order ascending range 1006 1199\n\
    !\ntransceiver qsfp default-mode 4x10G\n!\nservice routing protocols model multi-agent\n\
    !\nhostname DC1-L2LEAF1A\nip name-server vrf MGMT 8.8.8.8\nip name-server vrf\
    \ MGMT 192.168.2.1\n!\nntp local-interface vrf MGMT Management1\nntp server vrf\
    \ MGMT 0.fr.pool.ntp.org prefer\nntp server vrf MGMT 1.fr.pool.ntp.org\n!\nspanning-tree\
    \ mode mstp\nspanning-tree mst 0 priority 16384\n!\nno aaa root\nno enable password\n\
    !\nusername admin privilege 15 role network-admin secret sha512 $6$Df86J4/SFMDE3/1K$Hef4KstdoxNDaami37cBquTWOTplC.miMPjXVgQxMe92.e5wxlnXOLlebgPj8Fz1KO0za/RCO7ZIs4Q6Eiq1g1\n\
    username ansible privilege 15 role network-admin secret sha512 $6$Dzu11L7yp9j3nCM9$FSptxMPyIL555OMO.ldnjDXgwZmrfMYwHSr0uznE5Qoqvd9a6UdjiFcJUhGLtvXVZR1r.A/iF5aAt50hf/EK4/\n\
    username cvpadmin privilege 15 role network-admin secret sha512 $6$rZKcbIZ7iWGAWTUM$TCgDn1KcavS0s.OV8lacMTUkxTByfzcGlFlYUWroxYuU7M/9bIodhRO7nXGzMweUxvbk8mJmQl8Bh44cRktUj.\n\
    !\nvlan 110\n   name Tenant_A_OP_Zone_1\n!\nvlan 111\n   name Tenant_A_OP_Zone_2\n\
    !\nvlan 112\n   name Tenant_A_OP_Zone_3\n!\nvlan 120\n   name Tenant_A_WEB_Zone_1\n\
    !\nvlan 121\n   name Tenant_A_WEBZone_2\n!\nvlan 130\n   name Tenant_A_APP_Zone_1\n\
    !\nvlan 131\n   name Tenant_A_APP_Zone_2\n!\nvrf instance MGMT\n!\ninterface Port-Channel1\n\
    \   description DC1_LEAF1_Po5\n   no shutdown\n   switchport\n   switchport trunk\
    \ allowed vlan 110-112,120-121,130-131\n   switchport mode trunk\n!\ninterface\
    \ Ethernet1\n   description DC1-LEAF1A_Ethernet5\n   no shutdown\n   channel-group\
    \ 1 mode active\n!\ninterface Ethernet2\n   description DC1-LEAF1B_Ethernet5\n\
    \   no shutdown\n   channel-group 1 mode active\n!\ninterface Ethernet5\n   description\
    \ server01_Eth0\n   no shutdown\n   switchport\n   switchport access vlan 110\n\
    \   switchport mode access\n!\ninterface Management1\n   description OOB_MANAGEMENT\n\
    \   no shutdown\n   vrf MGMT\n   ip address 10.255.0.17/24\n!\nip routing\nno\
    \ ip routing vrf MGMT\n!\nip route vrf MGMT 0.0.0.0/0 10.255.0.1\n!\nmanagement\
    \ api http-commands\n   protocol https\n   no shutdown\n   !\n   vrf MGMT\n  \
    \    no shutdown\n!\nend\n"
